Component: ARM Compiler 5.06 update 7 (build 960) Tool: armlink [4d3601]

==============================================================================

Section Cross References

    startup_lpc17xx.o(STACK) refers (Special) to heapauxi.o(.text) for __use_two_region_memory
    startup_lpc17xx.o(HEAP) refers (Special) to heapauxi.o(.text) for __use_two_region_memory
    startup_lpc17xx.o(RESET) refers (Special) to heapauxi.o(.text) for __use_two_region_memory
    startup_lpc17xx.o(RESET) refers to startup_lpc17xx.o(STACK) for __initial_sp
    startup_lpc17xx.o(RESET) refers to startup_lpc17xx.o(.text) for Reset_Handler
    startup_lpc17xx.o(RESET) refers to irq_timer.o(.text) for TIMER0_IRQHandler
    startup_lpc17xx.o(RESET) refers to irq_button.o(.text) for EINT0_IRQHandler
    startup_lpc17xx.o(RESET) refers to irq_adc.o(.text) for ADC_IRQHandler
    startup_lpc17xx.o(.ARM.__at_0x02FC) refers (Special) to heapauxi.o(.text) for __use_two_region_memory
    startup_lpc17xx.o(.text) refers (Special) to heapauxi.o(.text) for __use_two_region_memory
    startup_lpc17xx.o(.text) refers to __main.o(!!!main) for __main
    startup_lpc17xx.o(.text) refers to startup_lpc17xx.o(HEAP) for Heap_Mem
    startup_lpc17xx.o(.text) refers to startup_lpc17xx.o(STACK) for Stack_Mem
    sample.o(.text) refers to system_lpc17xx.o(.text) for SystemInit
    sample.o(.text) refers to lib_button.o(.text) for BUTTON_init
    sample.o(.text) refers to lib_adc.o(.text) for ADC_init
    sample.o(.text) refers to lib_dac.o(.text) for DAC_init
    sample.o(.text) refers to glcd.o(.text) for LCD_Initialization
    sample.o(.text) refers to lib_timer.o(.text) for init_timer
    sample.o(.text) refers to pong_model.o(.text) for initialize_game_field
    system_lpc17xx.o(.text) refers to system_lpc17xx.o(.data) for .data
    irq_timer.o(.text) refers to pong_model.o(.text) for reset_game
    irq_timer.o(.text) refers to lib_timer.o(.text) for disable_timer
    irq_timer.o(.text) refers to lib_button.o(.text) for enable_button
    irq_timer.o(.text) refers to paddle.o(.text) for has_to_be_shown
    irq_timer.o(.text) refers to lib_adc.o(.text) for ADC_start_conversion
    irq_timer.o(.text) refers to ball.o(.text) for has_to_be_moved
    irq_timer.o(.text) refers to irq_button.o(.data) for down0
    irq_timer.o(.text) refers to irq_timer.o(.data) for .data
    irq_timer.o(.text) refers to pong_model.o(.bss) for player1_paddle
    asciilib.o(.text) refers to rt_memcpy_v6.o(.text) for __aeabi_memcpy
    asciilib.o(.text) refers to asciilib.o(.constdata) for .constdata
    glcd.o(.text) refers to glcd.o(.data) for .data
    glcd.o(.text) refers to asciilib.o(.text) for GetASCIICode
    hzlib.o(.text) refers to rt_memcpy_v6.o(.text) for __aeabi_memcpy
    hzlib.o(.text) refers to hzlib.o(.constdata) for .constdata
    touchpanel.o(.text) refers to glcd.o(.text) for LCD_SetPoint
    touchpanel.o(.text) refers to rt_memclr_w.o(.text) for __aeabi_memclr4
    touchpanel.o(.text) refers to dflt_clz.o(x$fpl$dflt) for __aeabi_i2d
    touchpanel.o(.text) refers to touchpanel.o(.data) for .data
    touchpanel.o(.text) refers to deqf.o(x$fpl$deqf) for __aeabi_cdcmpeq
    touchpanel.o(.text) refers to dflt_clz.o(x$fpl$dfltu) for __aeabi_ui2d
    touchpanel.o(.text) refers to dmul.o(x$fpl$dmul) for __aeabi_dmul
    touchpanel.o(.text) refers to daddsub_clz.o(x$fpl$dadd) for __aeabi_dadd
    touchpanel.o(.text) refers to ddiv.o(x$fpl$ddiv) for __aeabi_ddiv
    touchpanel.o(.text) refers to dfixu.o(x$fpl$dfixu) for __aeabi_d2uiz
    touchpanel.o(.text) refers to touchpanel.o(.bss) for .bss
    irq_button.o(.text) refers to lib_button.o(.text) for disable_button
    irq_button.o(.text) refers to lib_timer.o(.text) for enable_timer
    irq_button.o(.text) refers to irq_button.o(.data) for .data
    irq_adc.o(.text) refers to paddle.o(.text) for set_not_ideal_paddle_position
    irq_adc.o(.text) refers to irq_adc.o(.data) for .data
    irq_adc.o(.text) refers to pong_model.o(.bss) for player1_paddle
    pong_model.o(.text) refers to _printf_percent.o(.ARM.Collect$$_printf_percent$$00000000) for _printf_percent
    pong_model.o(.text) refers to _printf_d.o(.ARM.Collect$$_printf_percent$$00000009) for _printf_d
    pong_model.o(.text) refers to _printf_dec.o(.text) for _printf_int_dec
    pong_model.o(.text) refers to noretval__2sprintf.o(.text) for __2sprintf
    pong_model.o(.text) refers to glcd.o(.text) for GUI_Text_no_background_reversed
    pong_model.o(.text) refers to lib_button.o(.text) for disable_button
    pong_model.o(.text) refers to acos.o(i.acos) for acos
    pong_model.o(.text) refers to paddle.o(.text) for initialize
    pong_model.o(.text) refers to strlen.o(.text) for strlen
    pong_model.o(.text) refers to lib_timer.o(.text) for disable_timer
    pong_model.o(.text) refers to dfix.o(x$fpl$dfix) for __aeabi_d2iz
[...]
    rtexit2.o(.ARM.exidx) refers to rtexit2.o(.ARM.Collect$$rtexit$$00000001) for .ARM.Collect$$rtexit$$00000001
    rtexit2.o(.ARM.exidx) refers to rtexit2.o(.ARM.Collect$$rtexit$$00000003) for .ARM.Collect$$rtexit$$00000003
    rtexit2.o(.ARM.exidx) refers to rtexit2.o(.ARM.Collect$$rtexit$$00000004) for .ARM.Collect$$rtexit$$00000004
    argv_veneer.o(.emb_text) refers to no_argv.o(.text) for __ARM_get_argv
    sys_exit.o(.text) refers (Special) to use_no_semi.o(.text) for __I$use$semihosting
    sys_exit.o(.text) refers (Special) to indicate_semi.o(.text) for __semihosting_library_function
    _get_argv_nomalloc.o(.text) refers (Special) to hrguard.o(.text) for __heap_region$guard
    _get_argv_nomalloc.o(.text) refers to defsig_rtmem_outer.o(.text) for __rt_SIGRTMEM
    _get_argv_nomalloc.o(.text) refers to sys_command.o(.text) for _sys_command_string
    libshutdown.o(.ARM.Collect$$libshutdown$$00000000) refers (Special) to libshutdown2.o(.ARM.Collect$$libshutdown$$00000004) for __rt_lib_shutdown_cpp_1
    libshutdown.o(.ARM.Collect$$libshutdown$$00000000) refers (Special) to libshutdown2.o(.ARM.Collect$$libshutdown$$00000002) for __rt_lib_shutdown_fini_1
    libshutdown.o(.ARM.Collect$$libshutdown$$00000000) refers (Special) to libshutdown2.o(.ARM.Collect$$libshutdown$$00000009) for __rt_lib_shutdown_fp_trap_1
    libshutdown.o(.ARM.Collect$$libshutdown$$00000000) refers (Special) to libshutdown2.o(.ARM.Collect$$libshutdown$$00000011) for __rt_lib_shutdown_heap_1
    libshutdown.o(.ARM.Collect$$libshutdown$$00000000) refers (Special) to libshutdown2.o(.ARM.Collect$$libshutdown$$00000012) for __rt_lib_shutdown_return
    libshutdown.o(.ARM.Collect$$libshutdown$$00000000) refers (Special) to libshutdown2.o(.ARM.Collect$$libshutdown$$0000000C) for __rt_lib_shutdown_signal_1
    libshutdown.o(.ARM.Collect$$libshutdown$$00000000) refers (Special) to libshutdown2.o(.ARM.Collect$$libshutdown$$00000006) for __rt_lib_shutdown_stdio_1
    libshutdown.o(.ARM.Collect$$libshutdown$$00000000) refers (Special) to libshutdown2.o(.ARM.Collect$$libshutdown$$0000000E) for __rt_lib_shutdown_user_alloc_1
    sys_command.o(.text) refers (Special) to use_no_semi.o(.text) for __I$use$semihosting
    sys_command.o(.text) refers (Special) to indicate_semi.o(.text) for __semihosting_library_function
    defsig_rtmem_outer.o(.text) refers to defsig_rtmem_inner.o(.text) for __rt_SIGRTMEM_inner
    defsig_rtmem_outer.o(.text) refers to defsig_exit.o(.text) for __sig_exit
    defsig_rtmem_formal.o(.text) refers to rt_raise.o(.text) for __rt_raise
    rt_raise.o(.text) refers to __raise.o(.text) for __raise
    rt_raise.o(.text) refers to sys_exit.o(.text) for _sys_exit
    defsig_exit.o(.text) refers to sys_exit.o(.text) for _sys_exit
    defsig_rtmem_inner.o(.text) refers to defsig_general.o(.text) for __default_signal_display
    __raise.o(.text) refers to defsig.o(CL$$defsig) for __default_signal_handler
    defsig_general.o(.text) refers to sys_wrch.o(.text) for _ttywrch
    sys_wrch.o(.text) refers (Special) to use_no_semi.o(.text) for __I$use$semihosting
    sys_wrch.o(.text) refers (Special) to indicate_semi.o(.text) for __semihosting_library_function
    defsig.o(CL$$defsig) refers to defsig_rtmem_inner.o(.text) for __rt_SIGRTMEM_inner
    defsig_abrt_inner.o(.text) refers to defsig_general.o(.text) for __default_signal_display
    defsig_fpe_inner.o(.text) refers to defsig_general.o(.text) for __default_signal_display
    defsig_rtred_inner.o(.text) refers to defsig_general.o(.text) for __default_signal_display
    defsig_stak_inner.o(.text) refers to defsig_general.o(.text) for __default_signal_display
    defsig_pvfn_inner.o(.text) refers to defsig_general.o(.text) for __default_signal_display
    defsig_cppl_inner.o(.text) refers to defsig_general.o(.text) for __default_signal_display
    defsig_segv_inner.o(.text) refers to defsig_general.o(.text) for __default_signal_display
    defsig_other.o(.text) refers to defsig_general.o(.text) for __default_signal_display


==============================================================================

Removing Unused input sections from the image.

    Removing sample.o(.rev16_text), (4 bytes).
    Removing sample.o(.revsh_text), (4 bytes).
    Removing sample.o(.rrx_text), (6 bytes).
    Removing core_cm3.o(.emb_text), (32 bytes).
    Removing system_lpc17xx.o(.rev16_text), (4 bytes).
    Removing system_lpc17xx.o(.revsh_text), (4 bytes).
    Removing system_lpc17xx.o(.rrx_text), (6 bytes).
    Removing irq_timer.o(.rev16_text), (4 bytes).
    Removing irq_timer.o(.revsh_text), (4 bytes).
    Removing irq_timer.o(.rrx_text), (6 bytes).
    Removing lib_timer.o(.rev16_text), (4 bytes).
    Removing lib_timer.o(.revsh_text), (4 bytes).
    Removing lib_timer.o(.rrx_text), (6 bytes).
    Removing glcd.o(.rev16_text), (4 bytes).
    Removing glcd.o(.revsh_text), (4 bytes).
    Removing glcd.o(.rrx_text), (6 bytes).
    Removing hzlib.o(.text), (40 bytes).
    Removing hzlib.o(.constdata), (216576 bytes).
    Removing touchpanel.o(.rev16_text), (4 bytes).
    Removing touchpanel.o(.revsh_text), (4 bytes).
    Removing touchpanel.o(.rrx_text), (6 bytes).
    Removing touchpanel.o(.text), (1776 bytes).
    Removing touchpanel.o(.bss), (68 bytes).
    Removing touchpanel.o(.data), (16 bytes).
    Removing touchpanel.o(.data), (4 bytes).
    Removing irq_button.o(.rev16_text), (4 bytes).
    Removing irq_button.o(.revsh_text), (4 bytes).
    Removing irq_button.o(.rrx_text), (6 bytes).
    Removing lib_button.o(.rev16_text), (4 bytes).
    Removing lib_button.o(.revsh_text), (4 bytes).
    Removing lib_button.o(.rrx_text), (6 bytes).
    Removing irq_adc.o(.rev16_text), (4 bytes).
    Removing irq_adc.o(.revsh_text), (4 bytes).
    Removing irq_adc.o(.rrx_text), (6 bytes).
    Removing lib_adc.o(.rev16_text), (4 bytes).
    Removing lib_adc.o(.revsh_text), (4 bytes).
    Removing lib_adc.o(.rrx_text), (6 bytes).
    Removing pong_model.o(.rev16_text), (4 bytes).
    Removing pong_model.o(.revsh_text), (4 bytes).
    Removing pong_model.o(.rrx_text), (6 bytes).
    Removing game_display_utilities.o(.rev16_text), (4 bytes).
    Removing game_display_utilities.o(.revsh_text), (4 bytes).
    Removing game_display_utilities.o(.rrx_text), (6 bytes).
    Removing ball.o(.rev16_text), (4 bytes).
    Removing ball.o(.revsh_text), (4 bytes).
    Removing ball.o(.rrx_text), (6 bytes).
    Removing paddle.o(.rev16_text), (4 bytes).
    Removing paddle.o(.revsh_text), (4 bytes).
    Removing paddle.o(.rrx_text), (6 bytes).
    Removing lib_dac.o(.rev16_text), (4 bytes).
    Removing lib_dac.o(.revsh_text), (4 bytes).
    Removing lib_dac.o(.rrx_text), (6 bytes).

52 unused section(s) (total 218722 bytes) removed from the image.

==============================================================================

Image Symbol Table

    Local Symbols

    Symbol Name                              Value     Ov Type        Size  Object(Section)

    RESET                                    0x00000000   Section      204  startup_lpc17xx.o(RESET)
    ../clib/angel/boardlib.s                 0x00000000   Number         0  boardinit3.o ABSOLUTE
    ../clib/angel/boardlib.s                 0x00000000   Number         0  boardshut.o ABSOLUTE
    ../clib/angel/boardlib.s                 0x00000000   Number         0  boardinit2.o ABSOLUTE
    ../clib/angel/boardlib.s                 0x00000000   Number         0  boardinit1.o ABSOLUTE
    ../clib/angel/handlers.s                 0x00000000   Number         0  __scatter_zi.o ABSOLUTE
    ../clib/angel/handlers.s                 0x00000000   Number         0  __scatter_copy.o ABSOLUTE
    ../clib/angel/kernel.s                   0x00000000   Number         0  rtexit.o ABSOLUTE
    ../clib/angel/kernel.s                   0x00000000   Number         0  __rtentry.o ABSOLUTE
    ../clib/angel/kernel.s                   0x00000000   Number         0  __rtentry2.o ABSOLUTE
    ../clib/angel/kernel.s                   0x00000000   Number         0  __rtentry4.o ABSOLUTE
    ../clib/angel/kernel.s                   0x00000000   Number         0  rtexit2.o ABSOLUTE
    ../clib/angel/rt.s                       0x00000000   Number         0  rt_errno_addr_intlibspace.o ABSOLUTE
    ../clib/angel/rt.s                       0x00000000   Number         0  rt_errno_addr.o ABSOLUTE
    ../clib/angel/rt.s                       0x00000000   Number         0  rt_raise.o ABSOLUTE
    ../clib/angel/scatter.s                  0x00000000   Number         0  __scatter.o ABSOLUTE
    ../clib/angel/startup.s                  0x00000000   Number         0  __main.o ABSOLUTE
    ../clib/angel/sys.s                      0x00000000   Number         0  use_no_semi.o ABSOLUTE
    ../clib/angel/sys.s                      0x00000000   Number         0  indicate_semi.o ABSOLUTE
    ../clib/angel/sys.s                      0x00000000   Number         0  sys_stackheap_outer.o ABSOLUTE
    ../clib/angel/sys.s                      0x00000000   Number         0  libspace.o ABSOLUTE
    ../clib/angel/sysapp.c                   0x00000000   Number         0  sys_exit.o ABSOLUTE
    ../clib/angel/sysapp.c                   0x00000000   Number         0  sys_command.o ABSOLUTE
    ../clib/angel/sysapp.c                   0x00000000   Number         0  sys_wrch.o ABSOLUTE
    ../clib/armsys.c                         0x00000000   Number         0  no_argv.o ABSOLUTE
    ../clib/armsys.c                         0x00000000   Number         0  _get_argv_nomalloc.o ABSOLUTE
    ../clib/armsys.c                         0x00000000   Number         0  argv_veneer.o ABSOLUTE
    ../clib/armsys.c                         0x00000000   Number         0  argv_veneer.o ABSOLUTE
    ../clib/fenv.c                           0x00000000   Number         0  _rserrno.o ABSOLUTE
    ../clib/heapalloc.c                      0x00000000   Number         0  hrguard.o ABSOLUTE
    ../clib/heapaux.c                        0x00000000   Number         0  heapauxi.o ABSOLUTE
    ../clib/libinit.s                        0x00000000   Number         0  libinit.o ABSOLUTE
    ../clib/libinit.s                        0x00000000   Number         0  libshutdown2.o ABSOLUTE
    ../clib/libinit.s                        0x00000000   Number         0  libshutdown.o ABSOLUTE
    ../clib/libinit.s                        0x00000000   Number         0  libinit2.o ABSOLUTE
    ../clib/memcpset.s                       0x00000000   Number         0  rt_memcpy_v6.o ABSOLUTE
    ../clib/memcpset.s                       0x00000000   Number         0  rt_memcpy_w.o ABSOLUTE
    ../clib/memcpset.s                       0x00000000   Number         0  rt_memclr_w.o ABSOLUTE
    ../clib/printf.c                         0x00000000   Number         0  __printf_ss_wp.o ABSOLUTE
    ../clib/printf.c                         0x00000000   Number         0  __printf_nopercent.o ABSOLUTE
    ../clib/printf.c                         0x00000000   Number         0  __printf_ss.o ABSOLUTE
    ../clib/printf.c                         0x00000000   Number         0  __printf_flags_ss.o ABSOLUTE
    ../clib/printf.c                         0x00000000   Number         0  _printf_intcommon.o ABSOLUTE
    ../clib/printf.c                         0x00000000   Number         0  __printf.o ABSOLUTE
    ../clib/printf.c                         0x00000000   Number         0  __printf_wp.o ABSOLUTE
    ../clib/printf.c                         0x00000000   Number         0  noretval__2sprintf.o ABSOLUTE
    ../clib/printf.c                         0x00000000   Number         0  __printf_flags_wp.o ABSOLUTE
    ../clib/printf.c                         0x00000000   Number         0  __2sprintf.o ABSOLUTE
    ../clib/printf.c                         0x00000000   Number         0  __printf_flags.o ABSOLUTE
    ../clib/printf.c                         0x00000000   Number         0  _printf_dec.o ABSOLUTE
    ../clib/printf.c                         0x00000000   Number         0  __printf_flags_ss_wp.o ABSOLUTE
    ../clib/printf.c                         0x00000000   Number         0  _sputc.o ABSOLUTE
    ../clib/printf.c                         0x00000000   Number         0  _printf_char_common.o ABSOLUTE
    ../clib/printf_percent.s                 0x00000000   Number         0  _printf_percent_end.o ABSOLUTE
    ../clib/printf_percent.s                 0x00000000   Number         0  _printf_d.o ABSOLUTE
    ../clib/printf_percent.s                 0x00000000   Number         0  _printf_percent.o ABSOLUTE
    ../clib/signal.c                         0x00000000   Number         0  defsig_rtmem_formal.o ABSOLUTE
    ../clib/signal.c                         0x00000000   Number         0  defsig_other.o ABSOLUTE
    ../clib/signal.c                         0x00000000   Number         0  __raise.o ABSOLUTE
    ../clib/signal.c                         0x00000000   Number         0  defsig_rtmem_outer.o ABSOLUTE
    ../clib/signal.c                         0x00000000   Number         0  defsig_rtmem_inner.o ABSOLUTE
    ../clib/signal.c                         0x00000000   Number         0  defsig_exit.o ABSOLUTE
    ../clib/signal.c                         0x00000000   Number         0  defsig_abrt_inner.o ABSOLUTE
    ../clib/signal.c                         0x00000000   Number         0  defsig_general.o ABSOLUTE
    ../clib/signal.c                         0x00000000   Number         0  defsig_fpe_inner.o ABSOLUTE
    ../clib/signal.c                         0x00000000   Number         0  defsig_rtred_inner.o ABSOLUTE
    ../clib/signal.c                         0x00000000   Number         0  defsig_stak_inner.o ABSOLUTE
    ../clib/signal.c                         0x00000000   Number         0  defsig_pvfn_inner.o ABSOLUTE
    ../clib/signal.c                         0x00000000   Number         0  defsig_cppl_inner.o ABSOLUTE
    ../clib/signal.c                         0x00000000   Number         0  defsig_segv_inner.o ABSOLUTE
    ../clib/signal.s                         0x00000000   Number         0  defsig.o ABSOLUTE
    ../clib/stdlib.c                         0x00000000   Number         0  exit.o ABSOLUTE
    ../clib/string.c                         0x00000000   Number         0  strlen.o ABSOLUTE
    ../fplib/daddsub.s                       0x00000000   Number         0  daddsub_clz.o ABSOLUTE
    ../fplib/dcheck1.s                       0x00000000   Number         0  dcheck1.o ABSOLUTE
    ../fplib/dcmpi.s                         0x00000000   Number         0  dcmpi.o ABSOLUTE
    ../fplib/ddiv.s                          0x00000000   Number         0  ddiv.o ABSOLUTE
    ../fplib/deqf.s                          0x00000000   Number         0  deqf.o ABSOLUTE
    ../fplib/dfix.s                          0x00000000   Number         0  dfix.o ABSOLUTE
    ../fplib/dfixu.s                         0x00000000   Number         0  dfixu.o ABSOLUTE
    ../fplib/dflt.s                          0x00000000   Number         0  dflt_clz.o ABSOLUTE
    ../fplib/dleqf.s                         0x00000000   Number         0  dleqf.o ABSOLUTE
    ../fplib/dmul.s                          0x00000000   Number         0  dmul.o ABSOLUTE
    ../fplib/dnaninf.s                       0x00000000   Number         0  dnaninf.o ABSOLUTE
    ../fplib/dretinf.s                       0x00000000   Number         0  dretinf.o ABSOLUTE
    ../fplib/drleqf.s                        0x00000000   Number         0  drleqf.o ABSOLUTE
    ../fplib/dsqrt.s                         0x00000000   Number         0  dsqrt_noumaal.o ABSOLUTE
    ../fplib/fpinit.s                        0x00000000   Number         0  fpinit.o ABSOLUTE
    ../fplib/retnan.s                        0x00000000   Number         0  retnan.o ABSOLUTE
    ../fplib/scalbn.s                        0x00000000   Number         0  scalbn.o ABSOLUTE
    ../fplib/trapv.s                         0x00000000   Number         0  trapv.o ABSOLUTE
    ../fplib/usenofp.s                       0x00000000   Number         0  usenofp.o ABSOLUTE
    ../mathlib/acos.c                        0x00000000   Number         0  acos_x.o ABSOLUTE
    ../mathlib/acos.c                        0x00000000   Number         0  acos.o ABSOLUTE
    ../mathlib/cos.c                         0x00000000   Number         0  cos.o ABSOLUTE
    ../mathlib/cos.c                         0x00000000   Number         0  cos_x.o ABSOLUTE
    ../mathlib/cos_i.c                       0x00000000   Number         0  cos_i.o ABSOLUTE
    ../mathlib/dunder.c                      0x00000000   Number         0  dunder.o ABSOLUTE
    ../mathlib/fpclassify.c                  0x00000000   Number         0  fpclassify.o ABSOLUTE
    ../mathlib/poly.c                        0x00000000   Number         0  poly.o ABSOLUTE
    ../mathlib/rred.c                        0x00000000   Number         0  rred.o ABSOLUTE
    ../mathlib/sin.c                         0x00000000   Number         0  sin.o ABSOLUTE
    ../mathlib/sin.c                         0x00000000   Number         0  sin_x.o ABSOLUTE
    ../mathlib/sin_i.c                       0x00000000   Number         0  sin_i_x.o ABSOLUTE
    ../mathlib/sin_i.c                       0x00000000   Number         0  sin_i.o ABSOLUTE
    ../mathlib/sqrt.c                        0x00000000   Number         0  sqrt.o ABSOLUTE
    ../mathlib/sqrt.c                        0x00000000   Number         0  sqrt_x.o ABSOLUTE
    GLCD\AsciiLib.c                          0x00000000   Number         0  asciilib.o ABSOLUTE
    GLCD\GLCD.c                              0x00000000   Number         0  glcd.o ABSOLUTE
    GLCD\HzLib.c                             0x00000000   Number         0  hzlib.o ABSOLUTE
    GLCD\\GLCD.c                             0x00000000   Number         0  glcd.o ABSOLUTE
    Pong\Ball\Ball.c                         0x00000000   Number         0  ball.o ABSOLUTE
    Pong\Paddle\paddle.c                     0x00000000   Number         0  paddle.o ABSOLUTE
    Pong\\Ball\\Ball.c                       0x00000000   Number         0  ball.o ABSOLUTE
    Pong\\Paddle\\paddle.c                   0x00000000   Number         0  paddle.o ABSOLUTE
    Pong\\game_display_utilities.c           0x00000000   Number         0  game_display_utilities.o ABSOLUTE
    Pong\\pong_model.c                       0x00000000   Number         0  pong_model.o ABSOLUTE
    Pong\game_display_utilities.c            0x00000000   Number         0  game_display_utilities.o ABSOLUTE
    Pong\game_sound_utilities.c              0x00000000   Number         0  game_sound_utilities.o ABSOLUTE
    Pong\pong_model.c                        0x00000000   Number         0  pong_model.o ABSOLUTE
    TouchPanel\TouchPanel.c                  0x00000000   Number         0  touchpanel.o ABSOLUTE
    TouchPanel\\TouchPanel.c                 0x00000000   Number         0  touchpanel.o ABSOLUTE
    adc\IRQ_adc.c                            0x00000000   Number         0  irq_adc.o ABSOLUTE
    adc\\IRQ_adc.c                           0x00000000   Number         0  irq_adc.o ABSOLUTE
    adc\\lib_adc.c                           0x00000000   Number         0  lib_adc.o ABSOLUTE
    adc\lib_adc.c                            0x00000000   Number         0  lib_adc.o ABSOLUTE
    button_EXINT\IRQ_button.c                0x00000000   Number         0  irq_button.o ABSOLUTE
    button_EXINT\\IRQ_button.c               0x00000000   Number         0  irq_button.o ABSOLUTE
    button_EXINT\\lib_button.c               0x00000000   Number         0  lib_button.o ABSOLUTE
    button_EXINT\lib_button.c                0x00000000   Number         0  lib_button.o ABSOLUTE
    core_cm3.c                               0x00000000   Number         0  core_cm3.o ABSOLUTE
    core_cm3.c                               0x00000000   Number         0  core_cm3.o ABSOLUTE
    dac\\lib_dac.c                           0x00000000   Number         0  lib_dac.o ABSOLUTE
    dac\lib_dac.c                            0x00000000   Number         0  lib_dac.o ABSOLUTE
    dc.s                                     0x00000000   Number         0  dc.o ABSOLUTE
    sample.c                                 0x00000000   Number         0  sample.o ABSOLUTE
    sample.c                                 0x00000000   Number         0  sample.o ABSOLUTE
    startup_LPC17xx.s                        0x00000000   Number         0  startup_lpc17xx.o ABSOLUTE
    system_LPC17xx.c                         0x00000000   Number         0  system_lpc17xx.o ABSOLUTE
    system_LPC17xx.c                         0x00000000   Number         0  system_lpc17xx.o ABSOLUTE
    timer\IRQ_timer.c                        0x00000000   Number         0  irq_timer.o ABSOLUTE
    timer\\IRQ_timer.c                       0x00000000   Number         0  irq_timer.o ABSOLUTE
    timer\\lib_timer.c                       0x00000000   Number         0  lib_timer.o ABSOLUTE
    timer\lib_timer.c                        0x00000000   Number         0  lib_timer.o ABSOLUTE
    !!!main                                  0x000000cc   Section        8  __main.o(!!!main)
    !!!scatter                               0x000000d4   Section       52  __scatter.o(!!!scatter)
    !!handler_copy                           0x00000108   Section       26  __scatter_copy.o(!!handler_copy)
    !!handler_zi                             0x00000124   Section       28  __scatter_zi.o(!!handler_zi)
    .ARM.Collect$$_printf_percent$$00000000  0x00000140   Section        0  _printf_percent.o(.ARM.Collect$$_printf_percent$$00000000)
    .ARM.Collect$$_printf_percent$$00000009  0x00000140   Section        6  _printf_d.o(.ARM.Collect$$_printf_percent$$00000009)
    .ARM.Collect$$_printf_percent$$00000017  0x00000146   Section        4  _printf_percent_end.o(.ARM.Collect$$_printf_percent$$00000017)
    .ARM.Collect$$libinit$$00000000          0x0000014a   Section        2  libinit.o(.ARM.Collect$$libinit$$00000000)
    .ARM.Collect$$libinit$$00000002          0x0000014c   Section        0  libinit2.o(.ARM.Collect$$libinit$$00000002)
    .ARM.Collect$$libinit$$00000004          0x0000014c   Section        0  libinit2.o(.ARM.Collect$$libinit$$00000004)
    .ARM.Collect$$libinit$$0000000A          0x0000014c   Section        0  libinit2.o(.ARM.Collect$$libinit$$0000000A)
    .ARM.Collect$$libinit$$0000000C          0x0000014c   Section        0  libinit2.o(.ARM.Collect$$libinit$$0000000C)
    .ARM.Collect$$libinit$$0000000E          0x0000014c   Section        0  libinit2.o(.ARM.Collect$$libinit$$0000000E)
    .ARM.Collect$$libinit$$00000011          0x0000014c   Section        0  libinit2.o(.ARM.Collect$$libinit$$00000011)
    .ARM.Collect$$libinit$$00000013          0x0000014c   Section        0  libinit2.o(.ARM.Collect$$libinit$$00000013)
    .ARM.Collect$$libinit$$00000015          0x0000014c   Section        0  libinit2.o(.ARM.Collect$$libinit$$00000015)
    .ARM.Collect$$libinit$$00000017          0x0000014c   Section        0  libinit2.o(.ARM.Collect$$libinit$$00000017)
    .ARM.Collect$$libinit$$00000019          0x0000014c   Section        0  libinit2.o(.ARM.Collect$$libinit$$00000019)
    .ARM.Collect$$libinit$$0000001B          0x0000014c   Section        0  libinit2.o(.ARM.Collect$$libinit$$0000001B)
    .ARM.Collect$$libinit$$0000001D          0x0000014c   Section        0  libinit2.o(.ARM.Collect$$libinit$$0000001D)
    .ARM.Collect$$libinit$$0000001F          0x0000014c   Section        0  libinit2.o(.ARM.Collect$$libinit$$0000001F)
    .ARM.Collect$$libinit$$00000021          0x0000014c   Section        0  libinit2.o(.ARM.Collect$$libinit$$00000021)
    .ARM.Collect$$libinit$$00000023          0x0000014c   Section        0  libinit2.o(.ARM.Collect$$libinit$$00000023)
    .ARM.Collect$$libinit$$00000025          0x0000014c   Section        0  libinit2.o(.ARM.Collect$$libinit$$00000025)
    .ARM.Collect$$libinit$$0000002C          0x0000014c   Section        0  libinit2.o(.ARM.Collect$$libinit$$0000002C)
    .ARM.Collect$$libinit$$0000002E          0x0000014c   Section        0  libinit2.o(.ARM.Collect$$libinit$$0000002E)
    .ARM.Collect$$libinit$$00000030          0x0000014c   Section        0  libinit2.o(.ARM.Collect$$libinit$$00000030)
    .ARM.Collect$$libinit$$00000032          0x0000014c   Section        0  libinit2.o(.ARM.Collect$$libinit$$00000032)
    .ARM.Collect$$libinit$$00000033          0x0000014c   Section        2  libinit2.o(.ARM.Collect$$libinit$$00000033)
    .ARM.Collect$$libshutdown$$00000000      0x0000014e   Section        2  libshutdown.o(.ARM.Collect$$libshutdown$$00000000)
    .ARM.Collect$$libshutdown$$00000002      0x00000150   Section        0  libshutdown2.o(.ARM.Collect$$libshutdown$$00000002)
    .ARM.Collect$$libshutdown$$00000004      0x00000150   Section        0  libshutdown2.o(.ARM.Collect$$libshutdown$$00000004)
    .ARM.Collect$$libshutdown$$00000006      0x00000150   Section        0  libshutdown2.o(.ARM.Collect$$libshutdown$$00000006)
    .ARM.Collect$$libshutdown$$00000009      0x00000150   Section        0  libshutdown2.o(.ARM.Collect$$libshutdown$$00000009)
    .ARM.Collect$$libshutdown$$0000000C      0x00000150   Section        0  libshutdown2.o(.ARM.Collect$$libshutdown$$0000000C)
    .ARM.Collect$$libshutdown$$0000000E      0x00000150   Section        0  libshutdown2.o(.ARM.Collect$$libshutdown$$0000000E)
    .ARM.Collect$$libshutdown$$00000011      0x00000150   Section        0  libshutdown2.o(.ARM.Collect$$libshutdown$$00000011)
    .ARM.Collect$$libshutdown$$00000012      0x00000150   Section        2  libshutdown2.o(.ARM.Collect$$libshutdown$$00000012)
    .ARM.Collect$$rtentry$$00000000          0x00000152   Section        0  __rtentry.o(.ARM.Collect$$rtentry$$00000000)
    .ARM.Collect$$rtentry$$00000002          0x00000152   Section        0  __rtentry2.o(.ARM.Collect$$rtentry$$00000002)
    .ARM.Collect$$rtentry$$00000004          0x00000152   Section        6  __rtentry4.o(.ARM.Collect$$rtentry$$00000004)
    .ARM.Collect$$rtentry$$00000009          0x00000158   Section        0  __rtentry2.o(.ARM.Collect$$rtentry$$00000009)
    .ARM.Collect$$rtentry$$0000000A          0x00000158   Section        4  __rtentry2.o(.ARM.Collect$$rtentry$$0000000A)
    .ARM.Collect$$rtentry$$0000000C          0x0000015c   Section        0  __rtentry2.o(.ARM.Collect$$rtentry$$0000000C)
    .ARM.Collect$$rtentry$$0000000D          0x0000015c   Section        8  __rtentry2.o(.ARM.Collect$$rtentry$$0000000D)
    .ARM.Collect$$rtexit$$00000000           0x00000164   Section        2  rtexit.o(.ARM.Collect$$rtexit$$00000000)
    .ARM.Collect$$rtexit$$00000002           0x00000166   Section        0  rtexit2.o(.ARM.Collect$$rtexit$$00000002)
    .ARM.Collect$$rtexit$$00000003           0x00000166   Section        4  rtexit2.o(.ARM.Collect$$rtexit$$00000003)
    .ARM.Collect$$rtexit$$00000004           0x0000016a   Section        6  rtexit2.o(.ARM.Collect$$rtexit$$00000004)
    .text                                    0x00000170   Section       52  startup_lpc17xx.o(.text)
    .text                                    0x000001a4   Section        0  sample.o(.text)
    .text                                    0x0000020c   Section        0  asciilib.o(.text)
    .text                                    0x00000220   Section        0  irq_button.o(.text)
    .text                                    0x00000294   Section        0  irq_adc.o(.text)
    .text                                    0x000002d4   Section        0  lib_dac.o(.text)
    .ARM.__at_0x02FC                         0x000002fc   Section        4  startup_lpc17xx.o(.ARM.__at_0x02FC)
    .text                                    0x00000300   Section        0  system_lpc17xx.o(.text)
    .text                                    0x00000490   Section        0  irq_timer.o(.text)
    .text                                    0x0000064c   Section        0  lib_timer.o(.text)
    __NVIC_EnableIRQ                         0x0000073b   Thumb Code    26  lib_timer.o(.text)
    .text                                    0x00000764   Section        0  glcd.o(.text)
    LCD_SetCursor                            0x00000765   Thumb Code  1004  glcd.o(.text)
    delay_ms                                 0x00002e31   Thumb Code    28  glcd.o(.text)
    .text                                    0x00002e4c   Section        0  lib_button.o(.text)
    __NVIC_EnableIRQ                         0x00002f45   Thumb Code    26  lib_button.o(.text)
    __NVIC_DisableIRQ                        0x00002f5f   Thumb Code    34  lib_button.o(.text)
    __NVIC_SetPriority                       0x00002f81   Thumb Code    32  lib_button.o(.text)
    .text                                    0x00002fac   Section        0  lib_adc.o(.text)
    .text                                    0x00002ff4   Section        0  pong_model.o(.text)
    .text                                    0x000033b0   Section        0  game_display_utilities.o(.text)
    .text                                    0x0000351c   Section        0  ball.o(.text)
    .text                                    0x00004674   Section        0  paddle.o(.text)
    .text                                    0x000048d0   Section        0  game_sound_utilities.o(.text)
    .text                                    0x00004954   Section        0  noretval__2sprintf.o(.text)
    .text                                    0x0000497c   Section        0  __printf.o(.text)
    .text                                    0x000049e4   Section        0  _printf_dec.o(.text)
    .text                                    0x00004a5c   Section        0  strlen.o(.text)
    .text                                    0x00004a9a   Section      138  rt_memcpy_v6.o(.text)
    .text                                    0x00004b24   Section        0  heapauxi.o(.text)
    .text                                    0x00004b2a   Section        0  _rserrno.o(.text)
    .text                                    0x00004b40   Section        0  _printf_intcommon.o(.text)
    .text                                    0x00004bf4   Section        0  _printf_char_common.o(.text)
    _printf_input_char                       0x00004bf5   Thumb Code    10  _printf_char_common.o(.text)
    .text                                    0x00004c24   Section        0  _sputc.o(.text)
    .text                                    0x00004c2e   Section      100  rt_memcpy_w.o(.text)
    .text                                    0x00004c94   Section        8  rt_errno_addr_intlibspace.o(.text)
    .text                                    0x00004c9c   Section        8  libspace.o(.text)
    .text                                    0x00004ca4   Section       74  sys_stackheap_outer.o(.text)
    .text                                    0x00004cee   Section        0  exit.o(.text)
    .text                                    0x00004d00   Section        0  sys_exit.o(.text)
    .text                                    0x00004d0c   Section        2  use_no_semi.o(.text)
    .text                                    0x00004d0e   Section        0  indicate_semi.o(.text)
    i.__ARM_fpclassify                       0x00004d0e   Section        0  fpclassify.o(i.__ARM_fpclassify)
    i.__ieee754_rem_pio2                     0x00004d38   Section        0  rred.o(i.__ieee754_rem_pio2)
    i.__kernel_cos                           0x000050c0   Section        0  cos_i.o(i.__kernel_cos)
    i.__kernel_poly                          0x000051bc   Section        0  poly.o(i.__kernel_poly)
    i.__kernel_sin                           0x00005268   Section        0  sin_i.o(i.__kernel_sin)
    i.__mathlib_dbl_infnan                   0x00005354   Section        0  dunder.o(i.__mathlib_dbl_infnan)
    i.__mathlib_dbl_invalid                  0x0000535a   Section        0  dunder.o(i.__mathlib_dbl_invalid)
    i.__mathlib_dbl_underflow                0x00005368   Section        0  dunder.o(i.__mathlib_dbl_underflow)
    i.acos                                   0x00005378   Section        0  acos.o(i.acos)
    i.cos                                    0x000055f4   Section        0  cos.o(i.cos)
    i.sin                                    0x00005690   Section        0  sin.o(i.sin)
    i.sqrt                                   0x00005730   Section        0  sqrt.o(i.sqrt)
    x$fpl$dadd                               0x0000577c   Section      336  daddsub_clz.o(x$fpl$dadd)
    _dadd1                                   0x0000578d   Thumb Code     0  daddsub_clz.o(x$fpl$dadd)
    x$fpl$dcheck1                            0x000058cc   Section       16  dcheck1.o(x$fpl$dcheck1)
    x$fpl$dcmpinf                            0x000058dc   Section       24  dcmpi.o(x$fpl$dcmpinf)
    x$fpl$ddiv                               0x000058f4   Section      688  ddiv.o(x$fpl$ddiv)
    ddiv_entry                               0x000058fb   Thumb Code     0  ddiv.o(x$fpl$ddiv)
    x$fpl$deqf                               0x00005ba4   Section      120  deqf.o(x$fpl$deqf)
    x$fpl$dfix                               0x00005c1c   Section       94  dfix.o(x$fpl$dfix)
    x$fpl$dfixu                              0x00005c7c   Section       90  dfixu.o(x$fpl$dfixu)
    x$fpl$dflt                               0x00005cd6   Section       46  dflt_clz.o(x$fpl$dflt)
    x$fpl$dfltu                              0x00005d04   Section       38  dflt_clz.o(x$fpl$dfltu)
    x$fpl$dleqf                              0x00005d2c   Section      120  dleqf.o(x$fpl$dleqf)
    x$fpl$dmul                               0x00005da4   Section      340  dmul.o(x$fpl$dmul)
    x$fpl$dnaninf                            0x00005ef8   Section      156  dnaninf.o(x$fpl$dnaninf)
    x$fpl$dretinf                            0x00005f94   Section       12  dretinf.o(x$fpl$dretinf)
    x$fpl$drleqf                             0x00005fa0   Section      108  drleqf.o(x$fpl$drleqf)
    x$fpl$drsb                               0x0000600c   Section       22  daddsub_clz.o(x$fpl$drsb)
    x$fpl$dsqrt                              0x00006024   Section      460  dsqrt_noumaal.o(x$fpl$dsqrt)
    x$fpl$dsub                               0x000061f0   Section      468  daddsub_clz.o(x$fpl$dsub)
    _dsub1                                   0x00006201   Thumb Code     0  daddsub_clz.o(x$fpl$dsub)
    x$fpl$retnan                             0x000063c4   Section      100  retnan.o(x$fpl$retnan)
    x$fpl$scalbn                             0x00006428   Section       92  scalbn.o(x$fpl$scalbn)
    x$fpl$trapveneer                         0x00006484   Section       48  trapv.o(x$fpl$trapveneer)
    .constdata                               0x000064b4   Section     1520  asciilib.o(.constdata)
    x$fpl$usenofp                            0x000064b4   Section        0  usenofp.o(x$fpl$usenofp)
    AsciiLib                                 0x000064b4   Data        1520  asciilib.o(.constdata)
    .constdata                               0x00006aa8   Section       80  acos.o(.constdata)
    pS                                       0x00006aa8   Data          48  acos.o(.constdata)
    qS                                       0x00006ad8   Data          32  acos.o(.constdata)
    .constdata                               0x00006af8   Section       48  cos_i.o(.constdata)
    C                                        0x00006af8   Data          48  cos_i.o(.constdata)
    .constdata                               0x00006b28   Section      200  rred.o(.constdata)
    pio2s                                    0x00006b28   Data          48  rred.o(.constdata)
    twooverpi                                0x00006b58   Data         152  rred.o(.constdata)
    .constdata                               0x00006bf0   Section       40  sin_i.o(.constdata)
    S                                        0x00006bf0   Data          40  sin_i.o(.constdata)
    STACK                                    0x10000000   Section      512  startup_lpc17xx.o(STACK)
    Stack_Mem                                0x10000000   Data         512  startup_lpc17xx.o(STACK)
    __initial_sp                             0x10000200   Data           0  startup_lpc17xx.o(STACK)
    .data                                    0x2007c000   Section        8  system_lpc17xx.o(.data)
    .data                                    0x2007c008   Section       98  irq_timer.o(.data)
    is_pause                                 0x2007c008   Data           1  irq_timer.o(.data)
    counter                                  0x2007c009   Data           1  irq_timer.o(.data)
    .data                                    0x2007c06a   Section        1  glcd.o(.data)
    LCD_Code                                 0x2007c06a   Data           1  glcd.o(.data)
    .data                                    0x2007c06b   Section        3  irq_button.o(.data)
    .data                                    0x2007c06e   Section        4  irq_adc.o(.data)
    .data                                    0x2007c078   Section       24  pong_model.o(.data)
    .data                                    0x2007c090   Section       32  ball.o(.data)
    .data                                    0x2007c0b0   Section        1  paddle.o(.data)
    direction                                0x2007c0b0   Data           1  paddle.o(.data)
    .bss                                     0x2007c0b8   Section      160  pong_model.o(.bss)
    .bss                                     0x2007c158   Section       96  libspace.o(.bss)
    HEAP                                     0x2007c1b8   Section        0  startup_lpc17xx.o(HEAP)
    Heap_Mem                                 0x2007c1b8   Data           0  startup_lpc17xx.o(HEAP)

    Global Symbols

    Symbol Name                              Value     Ov Type        Size  Object(Section)

    BuildAttributes$$THM_ISAv4$P$D$K$B$S$PE$A:L22UL41UL21$X:L11$S22US41US21$IEEE1$IW$USESV6$~STKCKD$USESV7$~SHL$OTIME$ROPI$IEEEX$EBA8$UX$STANDARDLIB$REQ8$PRES8$EABIv2 0x00000000   Number         0  anon$$obj.o ABSOLUTE
    __ARM_use_no_argv                        0x00000000   Number         0  sample.o ABSOLUTE
    __Vectors                                0x00000000   Data           4  startup_lpc17xx.o(RESET)
    __ARM_exceptions_init                     - Undefined Weak Reference
    __alloca_initialize                       - Undefined Weak Reference
    __arm_fini_                               - Undefined Weak Reference
    __arm_preinit_                            - Undefined Weak Reference
    __cpp_initialize__aeabi_                  - Undefined Weak Reference
    __cxa_finalize                            - Undefined Weak Reference
    __rt_locale                               - Undefined Weak Reference
    __sigvec_lookup                           - Undefined Weak Reference
    _atexit_init                              - Undefined Weak Reference
    _call_atexit_fns                          - Undefined Weak Reference
    _clock_init                               - Undefined Weak Reference
    _fp_trap_init                             - Undefined Weak Reference
    _fp_trap_shutdown                         - Undefined Weak Reference
    _get_lc_collate                           - Undefined Weak Reference
    _get_lc_ctype                             - Undefined Weak Reference
    _get_lc_monetary                          - Undefined Weak Reference
    _get_lc_numeric                           - Undefined Weak Reference
    _get_lc_time                              - Undefined Weak Reference
    _getenv_init                              - Undefined Weak Reference
    _handle_redirection                       - Undefined Weak Reference
    _init_alloc                               - Undefined Weak Reference
    _init_user_alloc                          - Undefined Weak Reference
    _initio                                   - Undefined Weak Reference
    _printf_post_padding                      - Undefined Weak Reference
    _printf_pre_padding                       - Undefined Weak Reference
    _printf_truncate_signed                   - Undefined Weak Reference
    _printf_truncate_unsigned                 - Undefined Weak Reference
    _rand_init                                - Undefined Weak Reference
    _signal_finish                            - Undefined Weak Reference
    _signal_init                              - Undefined Weak Reference
    _terminate_alloc                          - Undefined Weak Reference
    _terminate_user_alloc                     - Undefined Weak Reference
    _terminateio                              - Undefined Weak Reference
    __main                                   0x000000cd   Thumb Code     8  __main.o(!!!main)
    __scatterload                            0x000000d5   Thumb Code     0  __scatter.o(!!!scatter)
    __scatterload_rt2                        0x000000d5   Thumb Code    44  __scatter.o(!!!scatter)
    __scatterload_rt2_thumb_only             0x000000d5   Thumb Code     0  __scatter.o(!!!scatter)
    __scatterload_null                       0x000000e3   Thumb Code     0  __scatter.o(!!!scatter)
    __scatterload_copy                       0x00000109   Thumb Code    26  __scatter_copy.o(!!handler_copy)
    __scatterload_zeroinit                   0x00000125   Thumb Code    28  __scatter_zi.o(!!handler_zi)
    _printf_d                                0x00000141   Thumb Code     0  _printf_d.o(.ARM.Collect$$_printf_percent$$00000009)
    _printf_percent                          0x00000141   Thumb Code     0  _printf_percent.o(.ARM.Collect$$_printf_percent$$00000000)
    _printf_percent_end                      0x00000147   Thumb Code     0  _printf_percent_end.o(.ARM.Collect$$_printf_percent$$00000017)
    __rt_lib_init                            0x0000014b   Thumb Code     0  libinit.o(.ARM.Collect$$libinit$$00000000)
    __rt_lib_init_alloca_1                   0x0000014d   Thumb Code     0  libinit2.o(.ARM.Collect$$libinit$$0000002E)
    __rt_lib_init_argv_1                     0x0000014d   Thumb Code     0  libinit2.o(.ARM.Collect$$libinit$$0000002C)
    __rt_lib_init_atexit_1                   0x0000014d   Thumb Code     0  libinit2.o(.ARM.Collect$$libinit$$0000001B)
    __rt_lib_init_clock_1                    0x0000014d   Thumb Code     0  libinit2.o(.ARM.Collect$$libinit$$00000021)
    __rt_lib_init_cpp_1                      0x0000014d   Thumb Code     0  libinit2.o(.ARM.Collect$$libinit$$00000032)
    __rt_lib_init_exceptions_1               0x0000014d   Thumb Code     0  libinit2.o(.ARM.Collect$$libinit$$00000030)
    __rt_lib_init_fp_1                       0x0000014d   Thumb Code     0  libinit2.o(.ARM.Collect$$libinit$$00000002)
    __rt_lib_init_fp_trap_1                  0x0000014d   Thumb Code     0  libinit2.o(.ARM.Collect$$libinit$$0000001F)
    __rt_lib_init_getenv_1                   0x0000014d   Thumb Code     0  libinit2.o(.ARM.Collect$$libinit$$00000023)
    __rt_lib_init_heap_1                     0x0000014d   Thumb Code     0  libinit2.o(.ARM.Collect$$libinit$$0000000A)
    __rt_lib_init_lc_collate_1               0x0000014d   Thumb Code     0  libinit2.o(.ARM.Collect$$libinit$$00000011)
    __rt_lib_init_lc_ctype_1                 0x0000014d   Thumb Code     0  libinit2.o(.ARM.Collect$$libinit$$00000013)
    __rt_lib_init_lc_monetary_1              0x0000014d   Thumb Code     0  libinit2.o(.ARM.Collect$$libinit$$00000015)
    __rt_lib_init_lc_numeric_1               0x0000014d   Thumb Code     0  libinit2.o(.ARM.Collect$$libinit$$00000017)
    __rt_lib_init_lc_time_1                  0x0000014d   Thumb Code     0  libinit2.o(.ARM.Collect$$libinit$$00000019)
    __rt_lib_init_preinit_1                  0x0000014d   Thumb Code     0  libinit2.o(.ARM.Collect$$libinit$$00000004)
    __rt_lib_init_rand_1                     0x0000014d   Thumb Code     0  libinit2.o(.ARM.Collect$$libinit$$0000000E)
    __rt_lib_init_return                     0x0000014d   Thumb Code     0  libinit2.o(.ARM.Collect$$libinit$$00000033)
    __rt_lib_init_signal_1                   0x0000014d   Thumb Code     0  libinit2.o(.ARM.Collect$$libinit$$0000001D)
    __rt_lib_init_stdio_1                    0x0000014d   Thumb Code     0  libinit2.o(.ARM.Collect$$libinit$$00000025)
    __rt_lib_init_user_alloc_1               0x0000014d   Thumb Code     0  libinit2.o(.ARM.Collect$$libinit$$0000000C)
    __rt_lib_shutdown                        0x0000014f   Thumb Code     0  libshutdown.o(.ARM.Collect$$libshutdown$$00000000)
    __rt_lib_shutdown_cpp_1                  0x00000151   Thumb Code     0  libshutdown2.o(.ARM.Collect$$libshutdown$$00000004)
    __rt_lib_shutdown_fini_1                 0x00000151   Thumb Code     0  libshutdown2.o(.ARM.Collect$$libshutdown$$00000002)
    __rt_lib_shutdown_fp_trap_1              0x00000151   Thumb Code     0  libshutdown2.o(.ARM.Collect$$libshutdown$$00000009)
    __rt_lib_shutdown_heap_1                 0x00000151   Thumb Code     0  libshutdown2.o(.ARM.Collect$$libshutdown$$00000011)
    __rt_lib_shutdown_return                 0x00000151   Thumb Code     0  libshutdown2.o(.ARM.Collect$$libshutdown$$00000012)
    __rt_lib_shutdown_signal_1               0x00000151   Thumb Code     0  libshutdown2.o(.ARM.Collect$$libshutdown$$0000000C)
    __rt_lib_shutdown_stdio_1                0x00000151   Thumb Code     0  libshutdown2.o(.ARM.Collect$$libshutdown$$00000006)
    __rt_lib_shutdown_user_alloc_1           0x00000151   Thumb Code     0  libshutdown2.o(.ARM.Collect$$libshutdown$$0000000E)
    __rt_entry                               0x00000153   Thumb Code     0  __rtentry.o(.ARM.Collect$$rtentry$$00000000)
    __rt_entry_presh_1                       0x00000153   Thumb Code     0  __rtentry2.o(.ARM.Collect$$rtentry$$00000002)
    __rt_entry_sh                            0x00000153   Thumb Code     0  __rtentry4.o(.ARM.Collect$$rtentry$$00000004)
    __rt_entry_li                            0x00000159   Thumb Code     0  __rtentry2.o(.ARM.Collect$$rtentry$$0000000A)
    __rt_entry_postsh_1                      0x00000159   Thumb Code     0  __rtentry2.o(.ARM.Collect$$rtentry$$00000009)
    __rt_entry_main                          0x0000015d   Thumb Code     0  __rtentry2.o(.ARM.Collect$$rtentry$$0000000D)
    __rt_entry_postli_1                      0x0000015d   Thumb Code     0  __rtentry2.o(.ARM.Collect$$rtentry$$0000000C)
    __rt_exit                                0x00000165   Thumb Code     0  rtexit.o(.ARM.Collect$$rtexit$$00000000)
    __rt_exit_ls                             0x00000167   Thumb Code     0  rtexit2.o(.ARM.Collect$$rtexit$$00000003)
    __rt_exit_prels_1                        0x00000167   Thumb Code     0  rtexit2.o(.ARM.Collect$$rtexit$$00000002)
    __rt_exit_exit                           0x0000016b   Thumb Code     0  rtexit2.o(.ARM.Collect$$rtexit$$00000004)
    Reset_Handler                            0x00000171   Thumb Code     4  startup_lpc17xx.o(.text)
    NMI_Handler                              0x00000175   Thumb Code     2  startup_lpc17xx.o(.text)
    HardFault_Handler                        0x00000177   Thumb Code     2  startup_lpc17xx.o(.text)
    MemManage_Handler                        0x00000179   Thumb Code     2  startup_lpc17xx.o(.text)
    BusFault_Handler                         0x0000017b   Thumb Code     2  startup_lpc17xx.o(.text)
    UsageFault_Handler                       0x0000017d   Thumb Code     2  startup_lpc17xx.o(.text)
    SVC_Handler                              0x0000017f   Thumb Code     2  startup_lpc17xx.o(.text)
    DebugMon_Handler                         0x00000181   Thumb Code     2  startup_lpc17xx.o(.text)
    PendSV_Handler                           0x00000183   Thumb Code     2  startup_lpc17xx.o(.text)
    SysTick_Handler                          0x00000185   Thumb Code     2  startup_lpc17xx.o(.text)
    BOD_IRQHandler                           0x00000187   Thumb Code     0  startup_lpc17xx.o(.text)
    CANActivity_IRQHandler                   0x00000187   Thumb Code     0  startup_lpc17xx.o(.text)
    CAN_IRQHandler                           0x00000187   Thumb Code     0  startup_lpc17xx.o(.text)
    DMA_IRQHandler                           0x00000187   Thumb Code     0  startup_lpc17xx.o(.text)
    EINT3_IRQHandler                         0x00000187   Thumb Code     0  startup_lpc17xx.o(.text)
    ENET_IRQHandler                          0x00000187   Thumb Code     0  startup_lpc17xx.o(.text)
    I2C0_IRQHandler                          0x00000187   Thumb Code     0  startup_lpc17xx.o(.text)
    I2C1_IRQHandler                          0x00000187   Thumb Code     0  startup_lpc17xx.o(.text)
    I2C2_IRQHandler                          0x00000187   Thumb Code     0  startup_lpc17xx.o(.text)
    I2S_IRQHandler                           0x00000187   Thumb Code     0  startup_lpc17xx.o(.text)
    MCPWM_IRQHandler                         0x00000187   Thumb Code     0  startup_lpc17xx.o(.text)
    PLL0_IRQHandler                          0x00000187   Thumb Code     0  startup_lpc17xx.o(.text)
    PLL1_IRQHandler                          0x00000187   Thumb Code     0  startup_lpc17xx.o(.text)
    PWM1_IRQHandler                          0x00000187   Thumb Code     0  startup_lpc17xx.o(.text)
    QEI_IRQHandler                           0x00000187   Thumb Code     0  startup_lpc17xx.o(.text)
    RIT_IRQHandler                           0x00000187   Thumb Code     0  startup_lpc17xx.o(.text)
    RTC_IRQHandler                           0x00000187   Thumb Code     0  startup_lpc17xx.o(.text)
    SPI_IRQHandler                           0x00000187   Thumb Code     0  startup_lpc17xx.o(.text)
    SSP0_IRQHandler                          0x00000187   Thumb Code     0  startup_lpc17xx.o(.text)
    SSP1_IRQHandler                          0x00000187   Thumb Code     0  startup_lpc17xx.o(.text)
    UART0_IRQHandler                         0x00000187   Thumb Code     0  startup_lpc17xx.o(.text)
    UART1_IRQHandler                         0x00000187   Thumb Code     0  startup_lpc17xx.o(.text)
    UART2_IRQHandler                         0x00000187   Thumb Code     0  startup_lpc17xx.o(.text)
    UART3_IRQHandler                         0x00000187   Thumb Code     0  startup_lpc17xx.o(.text)
    USBActivity_IRQHandler                   0x00000187   Thumb Code     0  startup_lpc17xx.o(.text)
    USB_IRQHandler                           0x00000187   Thumb Code     0  startup_lpc17xx.o(.text)
    WDT_IRQHandler                           0x00000187   Thumb Code     0  startup_lpc17xx.o(.text)
    __user_initial_stackheap                 0x00000189   Thumb Code     0  startup_lpc17xx.o(.text)
    main                                     0x000001a5   Thumb Code    90  sample.o(.text)
    GetASCIICode                             0x0000020d   Thumb Code    16  asciilib.o(.text)
    EINT0_IRQHandler                         0x00000221   Thumb Code    36  irq_button.o(.text)
    EINT1_IRQHandler                         0x00000245   Thumb Code    36  irq_button.o(.text)
    EINT2_IRQHandler                         0x00000269   Thumb Code    36  irq_button.o(.text)
    read_AD_value                            0x00000295   Thumb Code    10  irq_adc.o(.text)
    ADC_IRQHandler                           0x0000029f   Thumb Code    42  irq_adc.o(.text)
    DAC_init                                 0x000002d5   Thumb Code    30  lib_dac.o(.text)
    SystemInit                               0x00000301   Thumb Code   364  system_lpc17xx.o(.text)
    TIMER0_IRQHandler                        0x00000491   Thumb Code   222  irq_timer.o(.text)
    TIMER1_IRQHandler                        0x0000056f   Thumb Code    86  irq_timer.o(.text)
    TIMER2_IRQHandler                        0x000005c5   Thumb Code    54  irq_timer.o(.text)
    TIMER3_IRQHandler                        0x000005fb   Thumb Code    34  irq_timer.o(.text)
    enable_timer                             0x0000064d   Thumb Code    36  lib_timer.o(.text)
    disable_timer                            0x00000671   Thumb Code    36  lib_timer.o(.text)
    reset_timer                              0x00000695   Thumb Code    40  lib_timer.o(.text)
    init_timer                               0x000006bd   Thumb Code   126  lib_timer.o(.text)
    LCD_Initialization                       0x00000b51   Thumb Code  6384  glcd.o(.text)
    LCD_Clear                                0x00002441   Thumb Code  1154  glcd.o(.text)
    LCD_GetPoint                             0x000028c3   Thumb Code   596  glcd.o(.text)
    LCD_SetPoint                             0x00002b17   Thumb Code   134  glcd.o(.text)
    LCD_DrawLine                             0x00002b9d   Thumb Code   218  glcd.o(.text)
    PutChar                                  0x00002c77   Thumb Code    92  glcd.o(.text)
    PutChar_no_background                    0x00002cd3   Thumb Code    76  glcd.o(.text)
    PutChar_no_background_reversed           0x00002d1f   Thumb Code    76  glcd.o(.text)
    GUI_Text                                 0x00002d6b   Thumb Code    70  glcd.o(.text)
    GUI_Text_no_background                   0x00002db1   Thumb Code    64  glcd.o(.text)
    GUI_Text_no_background_reversed          0x00002df1   Thumb Code    64  glcd.o(.text)
    BUTTON_init                              0x00002e4d   Thumb Code   132  lib_button.o(.text)
    enable_button                            0x00002ed1   Thumb Code    58  lib_button.o(.text)
    disable_button                           0x00002f0b   Thumb Code    58  lib_button.o(.text)
    ADC_init                                 0x00002fad   Thumb Code    44  lib_adc.o(.text)
    ADC_start_conversion                     0x00002fd9   Thumb Code    12  lib_adc.o(.text)
    display_score                            0x00002ff5   Thumb Code    64  pong_model.o(.text)
    initialize_game_field                    0x00003035   Thumb Code    66  pong_model.o(.text)
    clear_won                                0x00003077   Thumb Code    90  pong_model.o(.text)
    display_new_score                        0x000030d1   Thumb Code   130  pong_model.o(.text)
    reset_game                               0x00003153   Thumb Code   168  pong_model.o(.text)
    start_game                               0x000031fb   Thumb Code    62  pong_model.o(.text)
    wait_and_restart                         0x00003239   Thumb Code    28  pong_model.o(.text)
    pause                                    0x00003255   Thumb Code    30  pong_model.o(.text)
    clear_pause                              0x00003273   Thumb Code    28  pong_model.o(.text)
    won                                      0x0000328f   Thumb Code   122  pong_model.o(.text)
    increase_score                           0x00003309   Thumb Code    62  pong_model.o(.text)
    draw_rectangle                           0x000033b1   Thumb Code   114  game_display_utilities.o(.text)
    draw_centered_square                     0x00003423   Thumb Code    20  game_display_utilities.o(.text)
    draw_walls                               0x00003437   Thumb Code    40  game_display_utilities.o(.text)
    round_double                             0x0000345f   Thumb Code     4  game_display_utilities.o(.text)
    abs_distance                             0x00003463   Thumb Code    12  game_display_utilities.o(.text)
    min                                      0x0000346f   Thumb Code     8  game_display_utilities.o(.text)
    is_ball_in_player1_score_text_area       0x00003477   Thumb Code    30  game_display_utilities.o(.text)
    is_ball_in_player2_score_text_area       0x00003495   Thumb Code    30  game_display_utilities.o(.text)
    is_ball_in_paddle_area                   0x000034b3   Thumb Code    96  game_display_utilities.o(.text)
    move_ball_square                         0x0000351d   Thumb Code   448  ball.o(.text)
    draw_ball                                0x000036dd   Thumb Code   438  ball.o(.text)
    initialize_ball                          0x00003893   Thumb Code   150  ball.o(.text)
    ball_bounces_horizontally                0x00003929   Thumb Code   130  ball.o(.text)
    ball_hits_left_wall                      0x000039ab   Thumb Code   176  ball.o(.text)
    ball_hits_right_wall                     0x00003a5b   Thumb Code   178  ball.o(.text)
    ball_bounces_on_paddle                   0x00003b0d   Thumb Code   418  ball.o(.text)
    ball_hits_paddle_bottom                  0x00003caf   Thumb Code   230  ball.o(.text)
    ball_hits_paddle_right                   0x00003d95   Thumb Code   208  ball.o(.text)
    ball_hits_paddle_left                    0x00003e65   Thumb Code   206  ball.o(.text)
    ball_hits_paddle_top                     0x00003f33   Thumb Code   228  ball.o(.text)
    ball_fell_up                             0x00004017   Thumb Code    20  ball.o(.text)
    ball_fell_down                           0x0000402b   Thumb Code    20  ball.o(.text)
    change_ball_position                     0x0000403f   Thumb Code  1472  ball.o(.text)
    ball_bounces_vertically                  0x000045ff   Thumb Code    94  ball.o(.text)
    move                                     0x0000465d   Thumb Code     6  ball.o(.text)
    has_to_be_moved                          0x00004663   Thumb Code     6  ball.o(.text)
    show_ball                                0x00004669   Thumb Code     6  ball.o(.text)
    initialize                               0x00004675   Thumb Code   160  paddle.o(.text)
    restart_paddle                           0x00004715   Thumb Code    20  paddle.o(.text)
    set_not_ideal_paddle_position            0x00004729   Thumb Code    90  paddle.o(.text)
    smart_change_paddle_position             0x00004783   Thumb Code    86  paddle.o(.text)
    change_paddle_position                   0x000047d9   Thumb Code    66  paddle.o(.text)
    draw_paddle                              0x0000481b   Thumb Code   164  paddle.o(.text)
    has_to_be_shown                          0x000048bf   Thumb Code     4  paddle.o(.text)
    show                                     0x000048c3   Thumb Code     4  paddle.o(.text)
    play_pause_note                          0x000048d1   Thumb Code    42  game_sound_utilities.o(.text)
    play_new_point_note                      0x000048fb   Thumb Code    42  game_sound_utilities.o(.text)
    play_game_over_note                      0x00004925   Thumb Code    40  game_sound_utilities.o(.text)
    __2sprintf                               0x00004955   Thumb Code    34  noretval__2sprintf.o(.text)
    __printf                                 0x0000497d   Thumb Code   104  __printf.o(.text)
    _printf_int_dec                          0x000049e5   Thumb Code   104  _printf_dec.o(.text)
    strlen                                   0x00004a5d   Thumb Code    62  strlen.o(.text)
    __aeabi_memcpy                           0x00004a9b   Thumb Code     0  rt_memcpy_v6.o(.text)
    __rt_memcpy                              0x00004a9b   Thumb Code   138  rt_memcpy_v6.o(.text)
    _memcpy_lastbytes                        0x00004b01   Thumb Code     0  rt_memcpy_v6.o(.text)
    __use_two_region_memory                  0x00004b25   Thumb Code     2  heapauxi.o(.text)
    __rt_heap_escrow$2region                 0x00004b27   Thumb Code     2  heapauxi.o(.text)
    __rt_heap_expand$2region                 0x00004b29   Thumb Code     2  heapauxi.o(.text)
    __read_errno                             0x00004b2b   Thumb Code    10  _rserrno.o(.text)
    __set_errno                              0x00004b35   Thumb Code    12  _rserrno.o(.text)
    _printf_int_common                       0x00004b41   Thumb Code   178  _printf_intcommon.o(.text)
    _printf_char_common                      0x00004bff   Thumb Code    32  _printf_char_common.o(.text)
    _sputc                                   0x00004c25   Thumb Code    10  _sputc.o(.text)
    __aeabi_memcpy4                          0x00004c2f   Thumb Code     0  rt_memcpy_w.o(.text)
    __aeabi_memcpy8                          0x00004c2f   Thumb Code     0  rt_memcpy_w.o(.text)
    __rt_memcpy_w                            0x00004c2f   Thumb Code   100  rt_memcpy_w.o(.text)
    _memcpy_lastbytes_aligned                0x00004c77   Thumb Code     0  rt_memcpy_w.o(.text)
    __aeabi_errno_addr                       0x00004c95   Thumb Code     8  rt_errno_addr_intlibspace.o(.text)
    __errno$intlibspace                      0x00004c95   Thumb Code     0  rt_errno_addr_intlibspace.o(.text)
    __rt_errno_addr$intlibspace              0x00004c95   Thumb Code     0  rt_errno_addr_intlibspace.o(.text)
    __user_libspace                          0x00004c9d   Thumb Code     8  libspace.o(.text)
    __user_perproc_libspace                  0x00004c9d   Thumb Code     0  libspace.o(.text)
    __user_perthread_libspace                0x00004c9d   Thumb Code     0  libspace.o(.text)
    __user_setup_stackheap                   0x00004ca5   Thumb Code    74  sys_stackheap_outer.o(.text)
    exit                                     0x00004cef   Thumb Code    18  exit.o(.text)
    _sys_exit                                0x00004d01   Thumb Code     8  sys_exit.o(.text)
    __I$use$semihosting                      0x00004d0d   Thumb Code     0  use_no_semi.o(.text)
    __use_no_semihosting_swi                 0x00004d0d   Thumb Code     2  use_no_semi.o(.text)
    __ARM_fpclassify                         0x00004d0f   Thumb Code    40  fpclassify.o(i.__ARM_fpclassify)
    __semihosting_library_function           0x00004d0f   Thumb Code     0  indicate_semi.o(.text)
    __ieee754_rem_pio2                       0x00004d39   Thumb Code   828  rred.o(i.__ieee754_rem_pio2)
    __kernel_cos                             0x000050c1   Thumb Code   230  cos_i.o(i.__kernel_cos)
    __kernel_poly                            0x000051bd   Thumb Code   170  poly.o(i.__kernel_poly)
    __kernel_sin                             0x00005269   Thumb Code   224  sin_i.o(i.__kernel_sin)
    __mathlib_dbl_infnan                     0x00005355   Thumb Code     6  dunder.o(i.__mathlib_dbl_infnan)
    __mathlib_dbl_invalid                    0x0000535b   Thumb Code    12  dunder.o(i.__mathlib_dbl_invalid)
    __mathlib_dbl_underflow                  0x00005369   Thumb Code    10  dunder.o(i.__mathlib_dbl_underflow)
    acos                                     0x00005379   Thumb Code   574  acos.o(i.acos)
    cos                                      0x000055f5   Thumb Code   148  cos.o(i.cos)
    sin                                      0x00005691   Thumb Code   150  sin.o(i.sin)
    sqrt                                     0x00005731   Thumb Code    76  sqrt.o(i.sqrt)
    __aeabi_dadd                             0x0000577d   Thumb Code     0  daddsub_clz.o(x$fpl$dadd)
    _dadd                                    0x0000577d   Thumb Code   332  daddsub_clz.o(x$fpl$dadd)
    __fpl_dcheck_NaN1                        0x000058cd   Thumb Code    10  dcheck1.o(x$fpl$dcheck1)
    __fpl_dcmp_Inf                           0x000058dd   Thumb Code    24  dcmpi.o(x$fpl$dcmpinf)
    __aeabi_ddiv                             0x000058f5   Thumb Code     0  ddiv.o(x$fpl$ddiv)
    _ddiv                                    0x000058f5   Thumb Code   552  ddiv.o(x$fpl$ddiv)
    __aeabi_cdcmpeq                          0x00005ba5   Thumb Code     0  deqf.o(x$fpl$deqf)
    _dcmpeq                                  0x00005ba5   Thumb Code   120  deqf.o(x$fpl$deqf)
    __aeabi_d2iz                             0x00005c1d   Thumb Code     0  dfix.o(x$fpl$dfix)
    _dfix                                    0x00005c1d   Thumb Code    94  dfix.o(x$fpl$dfix)
    __aeabi_d2uiz                            0x00005c7d   Thumb Code     0  dfixu.o(x$fpl$dfixu)
    _dfixu                                   0x00005c7d   Thumb Code    90  dfixu.o(x$fpl$dfixu)
    __aeabi_i2d                              0x00005cd7   Thumb Code     0  dflt_clz.o(x$fpl$dflt)
    _dflt                                    0x00005cd7   Thumb Code    46  dflt_clz.o(x$fpl$dflt)
    __aeabi_ui2d                             0x00005d05   Thumb Code     0  dflt_clz.o(x$fpl$dfltu)
    _dfltu                                   0x00005d05   Thumb Code    38  dflt_clz.o(x$fpl$dfltu)
    __aeabi_cdcmple                          0x00005d2d   Thumb Code     0  dleqf.o(x$fpl$dleqf)
    _dcmple                                  0x00005d2d   Thumb Code   120  dleqf.o(x$fpl$dleqf)
    __fpl_dcmple_InfNaN                      0x00005d8f   Thumb Code     0  dleqf.o(x$fpl$dleqf)
    __aeabi_dmul                             0x00005da5   Thumb Code     0  dmul.o(x$fpl$dmul)
    _dmul                                    0x00005da5   Thumb Code   332  dmul.o(x$fpl$dmul)
    __fpl_dnaninf                            0x00005ef9   Thumb Code   156  dnaninf.o(x$fpl$dnaninf)
    __fpl_dretinf                            0x00005f95   Thumb Code    12  dretinf.o(x$fpl$dretinf)
    __aeabi_cdrcmple                         0x00005fa1   Thumb Code     0  drleqf.o(x$fpl$drleqf)
    _drcmple                                 0x00005fa1   Thumb Code   108  drleqf.o(x$fpl$drleqf)
    __aeabi_drsub                            0x0000600d   Thumb Code     0  daddsub_clz.o(x$fpl$drsb)
    _drsb                                    0x0000600d   Thumb Code    22  daddsub_clz.o(x$fpl$drsb)
    _dsqrt                                   0x00006025   Thumb Code   456  dsqrt_noumaal.o(x$fpl$dsqrt)
    __aeabi_dsub                             0x000061f1   Thumb Code     0  daddsub_clz.o(x$fpl$dsub)
    _dsub                                    0x000061f1   Thumb Code   464  daddsub_clz.o(x$fpl$dsub)
    __fpl_return_NaN                         0x000063c5   Thumb Code   100  retnan.o(x$fpl$retnan)
    __ARM_scalbn                             0x00006429   Thumb Code    92  scalbn.o(x$fpl$scalbn)
    __fpl_cmpreturn                          0x00006485   Thumb Code    48  trapv.o(x$fpl$trapveneer)
    __I$use$fp                               0x000064b4   Number         0  usenofp.o(x$fpl$usenofp)
    Region$$Table$$Base                      0x00006c18   Number         0  anon$$obj.o(Region$$Table)
    Region$$Table$$Limit                     0x00006c48   Number         0  anon$$obj.o(Region$$Table)
    ScaleFlag                                0x2007c000   Data           1  system_lpc17xx.o(.data)
    SystemFrequency                          0x2007c004   Data           4  system_lpc17xx.o(.data)
    ticks                                    0x2007c00c   Data           4  irq_timer.o(.data)
    SinTable                                 0x2007c010   Data          90  irq_timer.o(.data)
    down0                                    0x2007c06b   Data           1  irq_button.o(.data)
    down1                                    0x2007c06c   Data           1  irq_button.o(.data)
    down2                                    0x2007c06d   Data           1  irq_button.o(.data)
    AD_last                                  0x2007c06e   Data           2  irq_adc.o(.data)
    AD_current                               0x2007c070   Data           2  irq_adc.o(.data)
    last_winner                              0x2007c078   Data           1  pong_model.o(.data)
    x_f_player1_score                        0x2007c07a   Data           2  pong_model.o(.data)
    x_f_player2_score                        0x2007c07c   Data           2  pong_model.o(.data)
    player1_score                            0x2007c080   Data           4  pong_model.o(.data)
    player2_score                            0x2007c084   Data           4  pong_model.o(.data)
    PI                                       0x2007c088   Data           8  pong_model.o(.data)
    ball_min_x                               0x2007c090   Data           8  ball.o(.data)
    ball_max_x                               0x2007c098   Data           8  ball.o(.data)
    wall_min_y                               0x2007c0a0   Data           8  ball.o(.data)
    wall_max_y                               0x2007c0a8   Data           8  ball.o(.data)
    ball                                     0x2007c0b8   Data          64  pong_model.o(.bss)
    player1_paddle                           0x2007c0f8   Data          48  pong_model.o(.bss)
    player2_paddle                           0x2007c128   Data          48  pong_model.o(.bss)
    __libspace_start                         0x2007c158   Data          96  libspace.o(.bss)
    __temporary_stack_top$libspace           0x2007c1b8   Data           0  libspace.o(.bss)



==============================================================================

Memory Map of the image

  Image Entry point : 0x000000cd

  Load Region LR_IROM1 (Base: 0x00000000, Size: 0x00006cfc, Max: 0x00080000, ABSOLUTE)

    Execution Region ER_IROM1 (Exec base: 0x00000000, Load base: 0x00000000, Size: 0x00006c48, Max: 0x00080000, ABSOLUTE)

    Exec Addr    Load Addr    Size         Type   Attr      Idx    E Section Name        Object

    0x00000000   0x00000000   0x000000cc   Data   RO            3    RESET               startup_lpc17xx.o
    0x000000cc   0x000000cc   0x00000008   Code   RO          714  * !!!main             c_w.l(__main.o)
    0x000000d4   0x000000d4   0x00000034   Code   RO         1006    !!!scatter          c_w.l(__scatter.o)
    0x00000108   0x00000108   0x0000001a   Code   RO         1008    !!handler_copy      c_w.l(__scatter_copy.o)
    0x00000122   0x00000122   0x00000002   PAD
    0x00000124   0x00000124   0x0000001c   Code   RO         1010    !!handler_zi        c_w.l(__scatter_zi.o)
    0x00000140   0x00000140   0x00000000   Code   RO          705    .ARM.Collect$$_printf_percent$$00000000  c_w.l(_printf_percent.o)
    0x00000140   0x00000140   0x00000006   Code   RO          704    .ARM.Collect$$_printf_percent$$00000009  c_w.l(_printf_d.o)
    0x00000146   0x00000146   0x00000004   Code   RO          785    .ARM.Collect$$_printf_percent$$00000017  c_w.l(_printf_percent_end.o)
    0x0000014a   0x0000014a   0x00000002   Code   RO          875    .ARM.Collect$$libinit$$00000000  c_w.l(libinit.o)
    0x0000014c   0x0000014c   0x00000000   Code   RO          881    .ARM.Collect$$libinit$$00000002  c_w.l(libinit2.o)
    0x0000014c   0x0000014c   0x00000000   Code   RO          883    .ARM.Collect$$libinit$$00000004  c_w.l(libinit2.o)
    0x0000014c   0x0000014c   0x00000000   Code   RO          886    .ARM.Collect$$libinit$$0000000A  c_w.l(libinit2.o)
    0x0000014c   0x0000014c   0x00000000   Code   RO          888    .ARM.Collect$$libinit$$0000000C  c_w.l(libinit2.o)
    0x0000014c   0x0000014c   0x00000000   Code   RO          890    .ARM.Collect$$libinit$$0000000E  c_w.l(libinit2.o)
    0x0000014c   0x0000014c   0x00000000   Code   RO          893    .ARM.Collect$$libinit$$00000011  c_w.l(libinit2.o)
    0x0000014c   0x0000014c   0x00000000   Code   RO          895    .ARM.Collect$$libinit$$00000013  c_w.l(libinit2.o)
    0x0000014c   0x0000014c   0x00000000   Code   RO          897    .ARM.Collect$$libinit$$00000015  c_w.l(libinit2.o)
    0x0000014c   0x0000014c   0x00000000   Code   RO          899    .ARM.Collect$$libinit$$00000017  c_w.l(libinit2.o)
    0x0000014c   0x0000014c   0x00000000   Code   RO          901    .ARM.Collect$$libinit$$00000019  c_w.l(libinit2.o)
    0x0000014c   0x0000014c   0x00000000   Code   RO          903    .ARM.Collect$$libinit$$0000001B  c_w.l(libinit2.o)
    0x0000014c   0x0000014c   0x00000000   Code   RO          905    .ARM.Collect$$libinit$$0000001D  c_w.l(libinit2.o)
    0x0000014c   0x0000014c   0x00000000   Code   RO          907    .ARM.Collect$$libinit$$0000001F  c_w.l(libinit2.o)
    0x0000014c   0x0000014c   0x00000000   Code   RO          909    .ARM.Collect$$libinit$$00000021  c_w.l(libinit2.o)
    0x0000014c   0x0000014c   0x00000000   Code   RO          911    .ARM.Collect$$libinit$$00000023  c_w.l(libinit2.o)
    0x0000014c   0x0000014c   0x00000000   Code   RO          913    .ARM.Collect$$libinit$$00000025  c_w.l(libinit2.o)
    0x0000014c   0x0000014c   0x00000000   Code   RO          917    .ARM.Collect$$libinit$$0000002C  c_w.l(libinit2.o)
    0x0000014c   0x0000014c   0x00000000   Code   RO          919    .ARM.Collect$$libinit$$0000002E  c_w.l(libinit2.o)
    0x0000014c   0x0000014c   0x00000000   Code   RO          921    .ARM.Collect$$libinit$$00000030  c_w.l(libinit2.o)
    0x0000014c   0x0000014c   0x00000000   Code   RO          923    .ARM.Collect$$libinit$$00000032  c_w.l(libinit2.o)
    0x0000014c   0x0000014c   0x00000002   Code   RO          924    .ARM.Collect$$libinit$$00000033  c_w.l(libinit2.o)
    0x0000014e   0x0000014e   0x00000002   Code   RO          944    .ARM.Collect$$libshutdown$$00000000  c_w.l(libshutdown.o)
    0x00000150   0x00000150   0x00000000   Code   RO          957    .ARM.Collect$$libshutdown$$00000002  c_w.l(libshutdown2.o)
    0x00000150   0x00000150   0x00000000   Code   RO          959    .ARM.Collect$$libshutdown$$00000004  c_w.l(libshutdown2.o)
    0x00000150   0x00000150   0x00000000   Code   RO          961    .ARM.Collect$$libshutdown$$00000006  c_w.l(libshutdown2.o)
    0x00000150   0x00000150   0x00000000   Code   RO          964    .ARM.Collect$$libshutdown$$00000009  c_w.l(libshutdown2.o)
    0x00000150   0x00000150   0x00000000   Code   RO          967    .ARM.Collect$$libshutdown$$0000000C  c_w.l(libshutdown2.o)
    0x00000150   0x00000150   0x00000000   Code   RO          969    .ARM.Collect$$libshutdown$$0000000E  c_w.l(libshutdown2.o)
    0x00000150   0x00000150   0x00000000   Code   RO          972    .ARM.Collect$$libshutdown$$00000011  c_w.l(libshutdown2.o)
    0x00000150   0x00000150   0x00000002   Code   RO          973    .ARM.Collect$$libshutdown$$00000012  c_w.l(libshutdown2.o)
    0x00000152   0x00000152   0x00000000   Code   RO          776    .ARM.Collect$$rtentry$$00000000  c_w.l(__rtentry.o)
    0x00000152   0x00000152   0x00000000   Code   RO          836    .ARM.Collect$$rtentry$$00000002  c_w.l(__rtentry2.o)
    0x00000152   0x00000152   0x00000006   Code   RO          848    .ARM.Collect$$rtentry$$00000004  c_w.l(__rtentry4.o)
    0x00000158   0x00000158   0x00000000   Code   RO          838    .ARM.Collect$$rtentry$$00000009  c_w.l(__rtentry2.o)
    0x00000158   0x00000158   0x00000004   Code   RO          839    .ARM.Collect$$rtentry$$0000000A  c_w.l(__rtentry2.o)
    0x0000015c   0x0000015c   0x00000000   Code   RO          841    .ARM.Collect$$rtentry$$0000000C  c_w.l(__rtentry2.o)
    0x0000015c   0x0000015c   0x00000008   Code   RO          842    .ARM.Collect$$rtentry$$0000000D  c_w.l(__rtentry2.o)
    0x00000164   0x00000164   0x00000002   Code   RO          878    .ARM.Collect$$rtexit$$00000000  c_w.l(rtexit.o)
    0x00000166   0x00000166   0x00000000   Code   RO          926    .ARM.Collect$$rtexit$$00000002  c_w.l(rtexit2.o)
    0x00000166   0x00000166   0x00000004   Code   RO          927    .ARM.Collect$$rtexit$$00000003  c_w.l(rtexit2.o)
    0x0000016a   0x0000016a   0x00000006   Code   RO          928    .ARM.Collect$$rtexit$$00000004  c_w.l(rtexit2.o)
    0x00000170   0x00000170   0x00000034   Code   RO            5    .text               startup_lpc17xx.o
    0x000001a4   0x000001a4   0x00000068   Code   RO           16    .text               sample.o
    0x0000020c   0x0000020c   0x00000014   Code   RO          214    .text               asciilib.o
    0x00000220   0x00000220   0x00000074   Code   RO          319    .text               irq_button.o
    0x00000294   0x00000294   0x00000040   Code   RO          380    .text               irq_adc.o
    0x000002d4   0x000002d4   0x00000028   Code   RO          653    .text               lib_dac.o
    0x000002fc   0x000002fc   0x00000004   Code   RO            4    .ARM.__at_0x02FC    startup_lpc17xx.o
    0x00000300   0x00000300   0x00000190   Code   RO           93    .text               system_lpc17xx.o
    0x00000490   0x00000490   0x000001bc   Code   RO          120    .text               irq_timer.o
    0x0000064c   0x0000064c   0x00000118   Code   RO          189    .text               lib_timer.o
    0x00000764   0x00000764   0x000026e8   Code   RO          237    .text               glcd.o
    0x00002e4c   0x00002e4c   0x00000160   Code   RO          352    .text               lib_button.o
    0x00002fac   0x00002fac   0x00000048   Code   RO          420    .text               lib_adc.o
    0x00002ff4   0x00002ff4   0x000003bc   Code   RO          448    .text               pong_model.o
    0x000033b0   0x000033b0   0x0000016c   Code   RO          513    .text               game_display_utilities.o
    0x0000351c   0x0000351c   0x00001158   Code   RO          541    .text               ball.o
    0x00004674   0x00004674   0x0000025c   Code   RO          596    .text               paddle.o
    0x000048d0   0x000048d0   0x00000084   Code   RO          637    .text               game_sound_utilities.o
    0x00004954   0x00004954   0x00000028   Code   RO          678    .text               c_w.l(noretval__2sprintf.o)
    0x0000497c   0x0000497c   0x00000068   Code   RO          680    .text               c_w.l(__printf.o)
    0x000049e4   0x000049e4   0x00000078   Code   RO          682    .text               c_w.l(_printf_dec.o)
    0x00004a5c   0x00004a5c   0x0000003e   Code   RO          706    .text               c_w.l(strlen.o)
    0x00004a9a   0x00004a9a   0x0000008a   Code   RO          708    .text               c_w.l(rt_memcpy_v6.o)
    0x00004b24   0x00004b24   0x00000006   Code   RO          712    .text               c_w.l(heapauxi.o)
    0x00004b2a   0x00004b2a   0x00000016   Code   RO          777    .text               c_w.l(_rserrno.o)
    0x00004b40   0x00004b40   0x000000b2   Code   RO          779    .text               c_w.l(_printf_intcommon.o)
    0x00004bf2   0x00004bf2   0x00000002   PAD
    0x00004bf4   0x00004bf4   0x00000030   Code   RO          781    .text               c_w.l(_printf_char_common.o)
    0x00004c24   0x00004c24   0x0000000a   Code   RO          783    .text               c_w.l(_sputc.o)
    0x00004c2e   0x00004c2e   0x00000064   Code   RO          786    .text               c_w.l(rt_memcpy_w.o)
    0x00004c92   0x00004c92   0x00000002   PAD
    0x00004c94   0x00004c94   0x00000008   Code   RO          853    .text               c_w.l(rt_errno_addr_intlibspace.o)
    0x00004c9c   0x00004c9c   0x00000008   Code   RO          863    .text               c_w.l(libspace.o)
    0x00004ca4   0x00004ca4   0x0000004a   Code   RO          866    .text               c_w.l(sys_stackheap_outer.o)
    0x00004cee   0x00004cee   0x00000012   Code   RO          868    .text               c_w.l(exit.o)
    0x00004d00   0x00004d00   0x0000000c   Code   RO          936    .text               c_w.l(sys_exit.o)
    0x00004d0c   0x00004d0c   0x00000002   Code   RO          947    .text               c_w.l(use_no_semi.o)
    0x00004d0e   0x00004d0e   0x00000000   Code   RO          949    .text               c_w.l(indicate_semi.o)
    0x00004d0e   0x00004d0e   0x00000028   Code   RO          861    i.__ARM_fpclassify  m_ws.l(fpclassify.o)
    0x00004d36   0x00004d36   0x00000002   PAD
    0x00004d38   0x00004d38   0x00000388   Code   RO          816    i.__ieee754_rem_pio2  m_ws.l(rred.o)
    0x000050c0   0x000050c0   0x000000fc   Code   RO          797    i.__kernel_cos      m_ws.l(cos_i.o)
    0x000051bc   0x000051bc   0x000000aa   Code   RO          814    i.__kernel_poly     m_ws.l(poly.o)
    0x00005266   0x00005266   0x00000002   PAD
    0x00005268   0x00005268   0x000000ec   Code   RO          821    i.__kernel_sin      m_ws.l(sin_i.o)
    0x00005354   0x00005354   0x00000006   Code   RO          801    i.__mathlib_dbl_infnan  m_ws.l(dunder.o)
    0x0000535a   0x0000535a   0x0000000c   Code   RO          803    i.__mathlib_dbl_invalid  m_ws.l(dunder.o)
    0x00005366   0x00005366   0x00000002   PAD
    0x00005368   0x00005368   0x00000010   Code   RO          806    i.__mathlib_dbl_underflow  m_ws.l(dunder.o)
    0x00005378   0x00005378   0x0000027c   Code   RO          751    i.acos              m_ws.l(acos.o)
    0x000055f4   0x000055f4   0x0000009c   Code   RO          761    i.cos               m_ws.l(cos.o)
    0x00005690   0x00005690   0x000000a0   Code   RO          769    i.sin               m_ws.l(sin.o)
    0x00005730   0x00005730   0x0000004c   Code   RO          828    i.sqrt              m_ws.l(sqrt.o)
    0x0000577c   0x0000577c   0x00000150   Code   RO          716    x$fpl$dadd          fz_ws.l(daddsub_clz.o)
    0x000058cc   0x000058cc   0x00000010   Code   RO          788    x$fpl$dcheck1       fz_ws.l(dcheck1.o)
    0x000058dc   0x000058dc   0x00000018   Code   RO          790    x$fpl$dcmpinf       fz_ws.l(dcmpi.o)
    0x000058f4   0x000058f4   0x000002b0   Code   RO          723    x$fpl$ddiv          fz_ws.l(ddiv.o)
    0x00005ba4   0x00005ba4   0x00000078   Code   RO          726    x$fpl$deqf          fz_ws.l(deqf.o)
    0x00005c1c   0x00005c1c   0x0000005e   Code   RO          728    x$fpl$dfix          fz_ws.l(dfix.o)
    0x00005c7a   0x00005c7a   0x00000002   PAD
    0x00005c7c   0x00005c7c   0x0000005a   Code   RO          732    x$fpl$dfixu         fz_ws.l(dfixu.o)
    0x00005cd6   0x00005cd6   0x0000002e   Code   RO          737    x$fpl$dflt          fz_ws.l(dflt_clz.o)
    0x00005d04   0x00005d04   0x00000026   Code   RO          736    x$fpl$dfltu         fz_ws.l(dflt_clz.o)
    0x00005d2a   0x00005d2a   0x00000002   PAD
    0x00005d2c   0x00005d2c   0x00000078   Code   RO          742    x$fpl$dleqf         fz_ws.l(dleqf.o)
    0x00005da4   0x00005da4   0x00000154   Code   RO          744    x$fpl$dmul          fz_ws.l(dmul.o)
    0x00005ef8   0x00005ef8   0x0000009c   Code   RO          792    x$fpl$dnaninf       fz_ws.l(dnaninf.o)
    0x00005f94   0x00005f94   0x0000000c   Code   RO          794    x$fpl$dretinf       fz_ws.l(dretinf.o)
    0x00005fa0   0x00005fa0   0x0000006c   Code   RO          746    x$fpl$drleqf        fz_ws.l(drleqf.o)
    0x0000600c   0x0000600c   0x00000016   Code   RO          717    x$fpl$drsb          fz_ws.l(daddsub_clz.o)
    0x00006022   0x00006022   0x00000002   PAD
    0x00006024   0x00006024   0x000001cc   Code   RO          857    x$fpl$dsqrt         fz_ws.l(dsqrt_noumaal.o)
    0x000061f0   0x000061f0   0x000001d4   Code   RO          718    x$fpl$dsub          fz_ws.l(daddsub_clz.o)
    0x000063c4   0x000063c4   0x00000064   Code   RO          859    x$fpl$retnan        fz_ws.l(retnan.o)
    0x00006428   0x00006428   0x0000005c   Code   RO          748    x$fpl$scalbn        fz_ws.l(scalbn.o)
    0x00006484   0x00006484   0x00000030   Code   RO          876    x$fpl$trapveneer    fz_ws.l(trapv.o)
    0x000064b4   0x000064b4   0x00000000   Code   RO          796    x$fpl$usenofp       fz_ws.l(usenofp.o)
    0x000064b4   0x000064b4   0x000005f0   Data   RO          215    .constdata          asciilib.o
    0x00006aa4   0x00006aa4   0x00000004   PAD
    0x00006aa8   0x00006aa8   0x00000050   Data   RO          752    .constdata          m_ws.l(acos.o)
    0x00006af8   0x00006af8   0x00000030   Data   RO          798    .constdata          m_ws.l(cos_i.o)
    0x00006b28   0x00006b28   0x000000c8   Data   RO          818    .constdata          m_ws.l(rred.o)
    0x00006bf0   0x00006bf0   0x00000028   Data   RO          822    .constdata          m_ws.l(sin_i.o)
    0x00006c18   0x00006c18   0x00000030   Data   RO         1004    Region$$Table       anon$$obj.o


    Execution Region RW_IRAM1 (Exec base: 0x10000000, Load base: 0x00006c48, Size: 0x00000200, Max: 0x00008000, ABSOLUTE)

    Exec Addr    Load Addr    Size         Type   Attr      Idx    E Section Name        Object

    0x10000000        -       0x00000200   Zero   RW            1    STACK               startup_lpc17xx.o


    Execution Region RW_IRAM2 (Exec base: 0x2007c000, Load base: 0x00006c48, Size: 0x000001b8, Max: 0x00008000, ABSOLUTE)

    Exec Addr    Load Addr    Size         Type   Attr      Idx    E Section Name        Object

    0x2007c000   0x00006c48   0x00000008   Data   RW           94    .data               system_lpc17xx.o
    0x2007c008   0x00006c50   0x00000062   Data   RW          121    .data               irq_timer.o
    0x2007c06a   0x00006cb2   0x00000001   Data   RW          238    .data               glcd.o
    0x2007c06b   0x00006cb3   0x00000003   Data   RW          320    .data               irq_button.o
    0x2007c06e   0x00006cb6   0x00000004   Data   RW          381    .data               irq_adc.o
    0x2007c072   0x00006cba   0x00000006   PAD
    0x2007c078   0x00006cc0   0x00000018   Data   RW          450    .data               pong_model.o
    0x2007c090   0x00006cd8   0x00000020   Data   RW          542    .data               ball.o
    0x2007c0b0   0x00006cf8   0x00000001   Data   RW          597    .data               paddle.o
    0x2007c0b1   0x00006cf9   0x00000007   PAD
    0x2007c0b8        -       0x000000a0   Zero   RW          449    .bss                pong_model.o
    0x2007c158        -       0x00000060   Zero   RW          864    .bss                c_w.l(libspace.o)
    0x2007c1b8        -       0x00000000   Zero   RW            2    HEAP                startup_lpc17xx.o


==============================================================================

Image component sizes


      Code (inc. data)   RO Data    RW Data    ZI Data      Debug   Object Name

        20          4       1520          0          0       1023   asciilib.o
      4440         78          0         32          0      11038   ball.o
       364         10          0          0          0       4034   game_display_utilities.o
       132          8          0          0          0        818   game_sound_utilities.o
      9960         62          0          1          0      48155   glcd.o
        64         12          0          4          0       2045   irq_adc.o
       116          8          0          3          0       1477   irq_button.o
       444         48          0         98          0      20394   irq_timer.o
        72         16          0          0          0      27123   lib_adc.o
       352         12          0          0          0      27882   lib_button.o
        40         10          0          0          0        415   lib_dac.o
       280         16          0          0          0      28119   lib_timer.o
       604         10          0          1          0       4720   paddle.o
       956        106          0         24        160       5182   pong_model.o
       104         14          0          0          0       5047   sample.o
        56         22        204          0        512       1040   startup_lpc17xx.o
       400         36          0          8          0       1065   system_lpc17xx.o

    ----------------------------------------------------------------------
     18404        472       1776        180        676     189577   Object Totals
         0          0         48          0          0          0   (incl. Generated)
         0          0          4          9          4          0   (incl. Padding)

    ----------------------------------------------------------------------

      Code (inc. data)   RO Data    RW Data    ZI Data      Debug   Library Member Name

         8          0          0          0          0         68   __main.o
       104          0          0          0          0         84   __printf.o
         0          0          0          0          0          0   __rtentry.o
        12          0          0          0          0          0   __rtentry2.o
         6          0          0          0          0          0   __rtentry4.o
        52          8          0          0          0          0   __scatter.o
        26          0          0          0          0          0   __scatter_copy.o
        28          0          0          0          0          0   __scatter_zi.o
        48          6          0          0          0         96   _printf_char_common.o
         6          0          0          0          0          0   _printf_d.o
       120         16          0          0          0         92   _printf_dec.o
       178          0          0          0          0         88   _printf_intcommon.o
         0          0          0          0          0          0   _printf_percent.o
         4          0          0          0          0          0   _printf_percent_end.o
        22          0          0          0          0        100   _rserrno.o
        10          0          0          0          0         68   _sputc.o
        18          0          0          0          0         80   exit.o
         6          0          0          0          0        152   heapauxi.o
         0          0          0          0          0          0   indicate_semi.o
         2          0          0          0          0          0   libinit.o
         2          0          0          0          0          0   libinit2.o
         2          0          0          0          0          0   libshutdown.o
         2          0          0          0          0          0   libshutdown2.o
         8          4          0          0         96         68   libspace.o
        40          6          0          0          0         84   noretval__2sprintf.o
         8          4          0          0          0         68   rt_errno_addr_intlibspace.o
       138          0          0          0          0         68   rt_memcpy_v6.o
       100          0          0          0          0         80   rt_memcpy_w.o
         2          0          0          0          0          0   rtexit.o
        10          0          0          0          0          0   rtexit2.o
        62          0          0          0          0         76   strlen.o
        12          4          0          0          0         68   sys_exit.o
        74          0          0          0          0         80   sys_stackheap_outer.o
         2          0          0          0          0         68   use_no_semi.o
       826         16          0          0          0        348   daddsub_clz.o
        16          4          0          0          0         68   dcheck1.o
        24          0          0          0          0         68   dcmpi.o
       688        140          0          0          0        208   ddiv.o
       120          4          0          0          0         92   deqf.o
        94          4          0          0          0         92   dfix.o
        90          4          0          0          0         92   dfixu.o
        84          0          0          0          0        136   dflt_clz.o
       120          4          0          0          0         92   dleqf.o
       340         12          0          0          0        104   dmul.o
       156          4          0          0          0         92   dnaninf.o
        12          0          0          0          0         68   dretinf.o
       108          0          0          0          0         80   drleqf.o
       460         56          0          0          0        120   dsqrt_noumaal.o
       100          0          0          0          0         68   retnan.o
        92          0          0          0          0         68   scalbn.o
        48          0          0          0          0         68   trapv.o
         0          0          0          0          0          0   usenofp.o
       636         62         80          0          0        188   acos.o
       156          8          0          0          0        104   cos.o
       252         22         48          0          0        124   cos_i.o
        34          6          0          0          0        204   dunder.o
        40          0          0          0          0         68   fpclassify.o
       170          0          0          0          0         96   poly.o
       904         76        200          0          0        140   rred.o
       160         10          0          0          0        108   sin.o
       236         12         40          0          0        128   sin_i.o
        76          0          0          0          0         84   sqrt.o

    ----------------------------------------------------------------------
      7172        492        368          0         96       4596   Library Totals
        18          0          0          0          0          0   (incl. Padding)

    ----------------------------------------------------------------------

      Code (inc. data)   RO Data    RW Data    ZI Data      Debug   Library Name

      1112         48          0          0         96       1488   c_w.l
      3378        248          0          0          0       1864   fz_ws.l
      2664        196        368          0          0       1244   m_ws.l

    ----------------------------------------------------------------------
      7172        492        368          0         96       4596   Library Totals

    ----------------------------------------------------------------------

==============================================================================


      Code (inc. data)   RO Data    RW Data    ZI Data      Debug   

     25576        964       2144        180        772     190685   Grand Totals
     25576        964       2144        180        772     190685   ELF Image Totals
     25576        964       2144        180          0          0   ROM Totals

==============================================================================

    Total RO  Size (Code + RO Data)                27720 (  27.07kB)
    Total RW  Size (RW Data + ZI Data)               952 (   0.93kB)
    Total ROM Size (Code + RO Data + RW Data)      27900 (  27.25kB)

==============================================================================

